ssd1306.c:24:6:ssd1306_Reset	8	static
ssd1306.c:36:6:ssd1306_WriteCommand	16	static
ssd1306.c:48:6:ssd1306_WriteData	16	static
ssd1306.c:71:17:ssd1306_FillBuffer	24	static
ssd1306.c:81:6:ssd1306_Init	8	static
ssd1306.c:183:6:ssd1306_Fill	24	static
ssd1306.c:193:6:ssd1306_UpdateScreen	16	static
ssd1306.c:212:6:ssd1306_DrawPixel	16	static
ssd1306.c:230:6:ssd1306_WriteChar	48	static
ssd1306.c:265:6:ssd1306_WriteString	24	static
ssd1306.c:282:6:ssd1306_SetCursor	16	static
ssd1306.c:288:6:ssd1306_Line	48	static
ssd1306.c:324:6:ssd1306_Polyline	40	static
ssd1306.c:338:14:ssd1306_DegToRad	16	static
ssd1306.c:342:17:ssd1306_NormalizeTo0_360	24	static
ssd1306.c:359:6:ssd1306_DrawArc	56	static
ssd1306.c:396:6:ssd1306_DrawCircle	40	static
ssd1306.c:441:6:ssd1306_DrawRectangle	32	static
ssd1306.c:452:6:ssd1306_DrawBitmap	24	static
ssd1306.c:474:6:ssd1306_SetContrast	24	static
ssd1306.c:480:6:ssd1306_SetDisplayOn	24	static
ssd1306.c:492:9:ssd1306_GetDisplayOn	4	static
